// Jest Snapshot v1, https://goo.gl/fbAQLP

exports[`should test TodoList component snapshot 1`] = `
<div
  className="todoList"
>
  <Todo
    key="1"
    onDeleteTodo={[Function]}
    onToggleComplete={[Function]}
    todo={
      Object {
        "completed": false,
        "description": "test",
        "id": 1,
      }
    }
  />
  <Todo
    key="1"
    onDeleteTodo={[Function]}
    onToggleComplete={[Function]}
    todo={
      Object {
        "completed": false,
        "description": "test",
        "id": 1,
      }
    }
  />
  <Todo
    key="1"
    onDeleteTodo={[Function]}
    onToggleComplete={[Function]}
    todo={
      Object {
        "completed": false,
        "description": "test",
        "id": 1,
      }
    }
  />
</div>
`;
